 wt • main · 3 worktrees                                                                                                
╭─ Worktrees ─────────────────────────╮╭─ Detail ──────────────────────────────────────────────────────────────────────╮
│                                     ││ Info  Diff  Log                                                               │
│▎ feat-TUI              ✗ 16 modified││───────────────────────────────────────────────────────────────────────────────│
│   ↑3                                ││  Branch    feat-TUI                                                           │
│                                     ││  Path      …/myproject/feat-TUI                                               │
│   fix/integrations      ✗ 5 modified││  Status    16 modified                                                        │
│   ↓2 · fix-integrations             ││                                                                               │
│                                     ││  Recent Commits                                                               │
│ ● main                             ✓││  ───────────────────────────────────────────────────────────────────────────  │
│   (current)                         ││  346576e feat: more aliases                                                   │
│                                     ││  ba57942 feat: add more aliases                                               │
│                                     ││                                                                               │
│                                     ││  Modified Files                                                               │
│                                     ││  ───────────────────────────────────────────────────────────────────────────  │
│                                     ││  M internal/tui/model.go                                                      │
│                                     ││  M internal/tui/styles.go                                                     │
│                                     ││                                                                               │
│                                     ││                                                                               │
│                                     ││                                                                               │
│                                     ││                                                                               │
│                                     ││                                                                               │
│                                     ││                                                                               │
│                                     ││                                                                               │
│                                     ││                                                                               │
│                                     ││                                                                               │
│                                     ││                                                                               │
│                                     ││                                                                               │
│                                     ││                                                                               │
│                                     ││                                                                               │
│                                     ││                                                                               │
│                                     ││                                                                               │
│                                     ││                                                                               │
│                                     ││                                                                               │
│                                     ││                                                                               │
│                                     ││                                                                               │
│                                     ││                                                                               │
│                                     ││                                                                               │
╰─────────────────────────────────────╯╰───────────────────────────────────────────────────────────────────────────────╯
 enter switch · n new · d delete · e editor · / filter · ? more · q quit                                                