 wt • main · 3 worktrees                                                                                                
╭─ Worktrees ─────────────────────────╮╭─ Detail ──────────────────────────────────────────────────────────────────────╮
│                                     ││ Info  Diff  Log                                                               │
│   feat-TUI             ✗ 16 modified││───────────────────────────────────────────────────────────────────────────────│
│   ↑3                                ││                                                                               │
│                                     ││                                                                               │
│▎ fix/integrations       ✗ 5 modified││                                                                               │
│   ↓2 · fix-integrations             ││                                                                               │
│                                     ││                                                                               │
│ ● main                             ✓││                                                                               │
│   (current)                         ││                                                                               │
│                                     ││                                                                               │
│                                     ││                                                                               │
│                                     ││                                                                               │
│                                     ││                                                                               │
│                                     ││                                                                               │
│                                     ││                                                                               │
│                                     ││                                                                               │
│                                     ││                                                                               │
│                                     ││                                                                               │
│                                     ││                                                                               │
│                                     ││                                                                               │
│                                     ││                                                                               │
│                                     ││                                                                               │
│                                     ││                                                                               │
│                                     ││                                                                               │
│                                     ││                                                                               │
│                                     ││                                                                               │
│                                     ││                                                                               │
│                                     ││                                                                               │
│                                     ││                                                                               │
│                                     ││                                                                               │
│                                     ││                                                                               │
│                                     ││                                                                               │
│                                     ││                                                                               │
│                                     ││                                                                               │
│                                     ││                                                                               │
│                                     ││                                                                               │
╰─────────────────────────────────────╯╰───────────────────────────────────────────────────────────────────────────────╯
 enter switch · n new · d delete · e editor · / filter · ? more · q quit                                                